Suppression of files of type image, javascript, css
Dot-file dot.dot generated
/page2.html (3 hits)
/page1.html (1 hits)
/page3.html (1 hits)
