Warning : only hits between 9h and 10h have been taken into account
/page1.html (1 hits)
/page2.html (1 hits)
