Dot-file dot.dot generated
/page2.html (9 hits)
/image.jpg (5 hits)
/page3.html (3 hits)
/page1.html (2 hits)
/page6.html (2 hits)
/page8.html (2 hits)
/contenu.css (1 hits)
/page12.html (1 hits)
/page5.html (1 hits)
/page7.html (1 hits)
