Warning : only hits between 9h and 10h have been taken  into account
Dot-file dot.dot generated
/page2.html (2 hits)
/page1.html (1 hits)
