Suppression of files of type image, javascript, css
Warning : only hits between 9h16 and 10h16 have been taken  into account
Dot-file dot.dot generated
/page2.html (2 hits)
/page1.html (1 hits)
