Warning : only hits between 0h24 and 1h24 have been taken  into account
Dot-file dot.dot generated
