Le fichier de logs n'a pas le bon format ! Operaton annulee
