Impossible d'acceder au fichier pour ecrire le graphe !
