Suppression of files of type image, javascript, css
Warning : only hits between 0h16 and 1h16 have been taken  into account
Dot-file dot.dot generated
