Suppression of files of type image, javascript, css
Dot-file dot.dot generated
