Suppression of files of type image, javascript, css
Warning : only hits between 0h and 1h have been taken  into account
Dot-file dot.dot generated
/notesif/ (50 hits)
/notesif (46 hits)
/SiteWebIF/Intranet-etudiant.php (39 hits)
/notesif/RSS/RSS_4IF.xml (35 hits)
/notesif/RSS/RSS_3IF.xml (24 hits)
/robots.txt (13 hits)
/temps/ (10 hits)
/temps/4IF38.html (7 hits)
/temps/4IF39.html (7 hits)
/temps/4IF40.html (6 hits)
