Format d'entree incorrect
Pour obtenir de l'aide, utilisez la commande man ./analog_man
